current directory: /Users/okaberyotaro/MIT Dropbox/Okabe Ryotaro/website/RyotaroOKabe.github.io/vendor/bundle/ruby/3.4.0/gems/bigdecimal-3.1.9/ext/bigdecimal
/usr/local/opt/ruby/bin/ruby extconf.rb
checking for __builtin_clz()... yes
checking for __builtin_clzl()... yes
checking for __builtin_clzll()... yes
checking for float.h... yes
checking for math.h... yes
checking for stdbool.h... yes
checking for stdlib.h... yes
checking for x86intrin.h... yes
checking for _lzcnt_u32() in x86intrin.h... yes
checking for _lzcnt_u64() in x86intrin.h... yes
checking for intrin.h... no
checking for labs() in stdlib.h... yes
checking for llabs() in stdlib.h... yes
checking for finite() in math.h... yes
checking for isfinite() in math.h... no
checking for ruby/atomic.h... yes
checking for ruby/internal/has/builtin.h... yes
checking for ruby/internal/static_assert.h... yes
checking for rb_rational_num() in ruby.h... yes
checking for rb_rational_den() in ruby.h... yes
checking for rb_complex_real() in ruby.h... yes
checking for rb_complex_imag() in ruby.h... yes
checking for rb_opts_exception_p() in ruby.h... yes
checking for rb_category_warn() in ruby.h... yes
checking for RB_WARN_CATEGORY_DEPRECATED in ruby.h... yes
creating Makefile

current directory: /Users/okaberyotaro/MIT Dropbox/Okabe Ryotaro/website/RyotaroOKabe.github.io/vendor/bundle/ruby/3.4.0/gems/bigdecimal-3.1.9/ext/bigdecimal
make DESTDIR\= sitearchdir\=./.gem.20250508-4047-52d4qa sitelibdir\=./.gem.20250508-4047-52d4qa clean

current directory: /Users/okaberyotaro/MIT Dropbox/Okabe Ryotaro/website/RyotaroOKabe.github.io/vendor/bundle/ruby/3.4.0/gems/bigdecimal-3.1.9/ext/bigdecimal
make DESTDIR\= sitearchdir\=./.gem.20250508-4047-52d4qa sitelibdir\=./.gem.20250508-4047-52d4qa
compiling bigdecimal.c
compiling missing.c
linking shared-object bigdecimal.bundle
ld: warning: search path '/usr/local/Cellar/openssl@3/3.4.1/lib' not found
ld: warning: search path '/usr/local/Cellar/openssl@3/3.4.1/lib' not found

current directory: /Users/okaberyotaro/MIT Dropbox/Okabe Ryotaro/website/RyotaroOKabe.github.io/vendor/bundle/ruby/3.4.0/gems/bigdecimal-3.1.9/ext/bigdecimal
make DESTDIR\= sitearchdir\=./.gem.20250508-4047-52d4qa sitelibdir\=./.gem.20250508-4047-52d4qa install
/usr/bin/install -c -m 0755 bigdecimal.bundle ./.gem.20250508-4047-52d4qa

current directory: /Users/okaberyotaro/MIT Dropbox/Okabe Ryotaro/website/RyotaroOKabe.github.io/vendor/bundle/ruby/3.4.0/gems/bigdecimal-3.1.9/ext/bigdecimal
make DESTDIR\= sitearchdir\=./.gem.20250508-4047-52d4qa sitelibdir\=./.gem.20250508-4047-52d4qa clean
